#-----------------------------------------------------------
# Vivado v2025.1 (64-bit)
# SW Build 6140274 on Thu May 22 00:12:29 MDT 2025
# IP Build 6138677 on Thu May 22 03:10:11 MDT 2025
# SharedData Build 6139179 on Tue May 20 17:58:58 MDT 2025
# Start of session at: Fri Dec  5 18:24:07 2025
# Process ID         : 21832
# Current directory  : D:/University of Regina/ENEL 384/Project/project_mydecoder
# Command line       : vivado.exe -gui_launcher_event rodinguilauncherevent20236 D:\University of Regina\ENEL 384\Project\project_mydecoder\project_mydecoder.xpr
# Log file           : D:/University of Regina/ENEL 384/Project/project_mydecoder/vivado.log
# Journal file       : D:/University of Regina/ENEL 384/Project/project_mydecoder\vivado.jou
# Running On         : DESKTOP-EQNRJUB
# Platform           : Windows Server 2016 or Windows 10
# Operating System   : 19045
# Processor Detail   : Intel(R) Core(TM) i7-8750H CPU @ 2.20GHz
# CPU Frequency      : 2208 MHz
# CPU Physical cores : 6
# CPU Logical cores  : 12
# Host memory        : 17028 MB
# Swap memory        : 13421 MB
# Total Virtual      : 30450 MB
# Available Virtual  : 19210 MB
#-----------------------------------------------------------
start_gui
open_project {D:/University of Regina/ENEL 384/Project/project_mydecoder/project_mydecoder.xpr}
update_compile_order -fileset sources_1
set_property -name {xsim.simulate.runtime} -value {100 ms} -objects [get_filesets sim_1]
launch_simulation
source tb_projectmydecoder.tcl
close_sim
launch_simulation
source tb_projectmydecoder.tcl
set_property -name {xsim.simulate.runtime} -value {50 us} -objects [get_filesets sim_1]
close_sim
launch_simulation
source tb_projectmydecoder.tcl
set_property -name {xsim.simulate.runtime} -value {100 ms} -objects [get_filesets sim_1]
close_sim
launch_simulation
source tb_projectmydecoder.tcl
set_property -name {xsim.simulate.runtime} -value {50 us} -objects [get_filesets sim_1]
close_sim
launch_simulation
source tb_projectmydecoder.tcl
set_property -name {xsim.simulate.runtime} -value {100 ms} -objects [get_filesets sim_1]
close_sim
launch_simulation
launch_simulation
launch_simulation
source tb_projectmydecoder.tcl
set_property -name {xsim.simulate.runtime} -value {50 us} -objects [get_filesets sim_1]
close_sim
launch_simulation
source tb_projectmydecoder.tcl
close_sim
launch_simulation
source tb_projectmydecoder.tcl
close_sim
